// Jest Snapshot v1, https://goo.gl/fbAQLP

exports[`StarshipClient has all deps 1`] = `
"Call: exec(["something"])
something"
`;

exports[`StarshipClient has all deps 2`] = `"something"`;

exports[`StarshipClient missing deps 1`] = `
"Call: exec(["something"])
Log⬇
xkubectl
xdocker
✓helm
✓yq
EndLog⬆
Log⬇

Please install the missing dependencies:
EndLog⬆
Log⬇


kubectl: https://kubernetes.io/docs/tasks/tools/
Alternatively, you can install Docker for Mac which includes Kubernetes: https://docs.docker.com/desktop/install/mac-install/


docker: https://docs.docker.com/get-docker/
For macOS, you may also consider Docker for Mac: https://docs.docker.com/desktop/install/mac-install/


EndLog⬆
something"
`;

exports[`StarshipClient missing deps 2`] = `"something"`;
